
> saas-manager@0.1.0 build
> next build

   Ôû▓ Next.js 14.0.3
   - Environments: .env.local

   Creating an optimized production build ...
 Ô£ô Compiled successfully
   Linting and checking validity of types ...
   Collecting page data ...
node.exe : unhandledRejection Error [PageNotFoundError]: Cannot find module 
for page: /_document
Au caractère C:\Program Files\nodejs\npm.ps1:29 : 3
+   & $NODE_EXE $NPM_CLI_JS $args
+   ~~~~~~~~~~~~~~~~~~~~~~~~~~~~~
    + CategoryInfo          : NotSpecified: (unhandledReject...age: /_document 
   :String) [], RemoteException
    + FullyQualifiedErrorId : NativeCommandError
 
    at getPagePath 
(C:\axe\saas-manager\node_modules\next\dist\server\require.js:94:15)
    at requirePage 
(C:\axe\saas-manager\node_modules\next\dist\server\require.js:99:22)
    at 
C:\axe\saas-manager\node_modules\next\dist\server\load-components.js:55:65
    at process.processTicksAndRejections 
(node:internal/process/task_queues:105:5)
    at async Promise.all (index 0)
    at async loadComponentsImpl 
(C:\axe\saas-manager\node_modules\next\dist\server\load-components.js:54:33)
    at async Object.hasCustomGetInitialProps 
(C:\axe\saas-manager\node_modules\next\dist\build\utils.js:1222:24) {
  type: 'PageNotFoundError',
  code: 'ENOENT'
}
